[sites.google.com/view/voidnetworkontop.html]
[backblue.gif]
[fade.gif]
[index.html]
[ssl.gstatic.com/atari/images/simple-header-blended-small.png]
[apis.google.com/js/clientc932.js]
[sites.google.com/view/voidnetworkontop/home.html]
[sites.google.com/view/voidnetworkontop/home/report-a-problem-or-request-a-game.html]
[sites.google.com/view/voidnetworkontop/home/popular-games.html]
[sites.google.com/view/voidnetworkontop/home/tos.html]
[sites.google.com/view/voidnetworkontop/home/this-site-knows-everything.html]
[sites.google.com/view/voidnetworkontop/home/partners.html]
[sites.google.com/view/voidnetworkontop/home/anonymous-mode.html]
[sites.google.com/view/voidnetworkontop/all-da-proxiesif-im-leaking-report-a-problem-ill-take-the-page-down.html]
[sites.google.com/view/voidnetworkontop/tools/teacher-watch.html]
[sites.google.com/view/voidnetworkontop/just-fall-io.html]
[sites.google.com/view/voidnetworkontop/roblox-obby.html]
[sites.google.com/view/voidnetworkontop/clash-of-clans.html]
[sites.google.com/view/voidnetworkontop/brawl-stars.html]
[sites.google.com/view/voidnetworkontop/fortnite.html]
[sites.google.com/view/voidnetworkontop/super-mario-bros-3.html]
[sites.google.com/view/voidnetworkontop/pokémon-sapphire.html]
[sites.google.com/view/voidnetworkontop/1v1-lol.html]
[sites.google.com/view/voidnetworkontop/apple-worm.html]
[sites.google.com/view/voidnetworkontop/angry-birds.html]
[sites.google.com/view/voidnetworkontop/drift-hunters.html]
[sites.google.com/view/voidnetworkontop/bloons-td-series/bloons-td-1.html]
[sites.google.com/view/voidnetworkontop/bloons-td-series/bloons-td-2.html]
[sites.google.com/view/voidnetworkontop/bloons-td-series/bloons-td-3.html]
[sites.google.com/view/voidnetworkontop/bloons-td-series/bloons-td-4.html]
[sites.google.com/view/voidnetworkontop/bloons-td-series/bloons-td-5.html]
[sites.google.com/view/voidnetworkontop/ball-dodge.html]
[sites.google.com/view/voidnetworkontop/osu-walmart-edition.html]
[sites.google.com/view/voidnetworkontop/retro-bowl.html]
[sites.google.com/view/voidnetworkontop/gun-mayhem-2.html]
[sites.google.com/view/voidnetworkontop/tiny-fishing.html]
[sites.google.com/view/voidnetworkontop/incredibox.html]
[sites.google.com/view/voidnetworkontop/google.html]
[sites.google.com/view/voidnetworkontop/u-will-go-bye-bye-if-u-click.html]
[sites.google.com/view/voidnetworkontop/getaway-shootout.html]
[sites.google.com/view/voidnetworkontop/snowrider.html]
[sites.google.com/view/voidnetworkontop/table-tennis.html]
[sites.google.com/view/voidnetworkontop/taming-io.html]
[sites.google.com/view/voidnetworkontop/guide-the-pyramid.html]
[sites.google.com/view/voidnetworkontop/alien-cubes.html]
[sites.google.com/view/voidnetworkontop/towers-of-color.html]
[sites.google.com/view/voidnetworkontop/run-9.html]
[sites.google.com/view/voidnetworkontop/orbit-dash.html]
[sites.google.com/view/voidnetworkontop/head-soccer.html]
[sites.google.com/view/voidnetworkontop/x-trench-run.html]
[sites.google.com/view/voidnetworkontop/obstacle-race.html]
[sites.google.com/view/voidnetworkontop/cube-form.html]
[sites.google.com/view/voidnetworkontop/maze-control.html]
[sites.google.com/view/voidnetworkontop/rainbow-tower.html]
[sites.google.com/view/voidnetworkontop/match-key.html]
[sites.google.com/view/voidnetworkontop/happy-glass-4.html]
[sites.google.com/view/voidnetworkontop/neon-rocket.html]
[sites.google.com/view/voidnetworkontop/drift-to-the-right.html]
[sites.google.com/view/voidnetworkontop/coolmathgamesunblocked.html]
[sites.google.com/view/voidnetworkontop/little-alchemy-unblocked.html]
[sites.google.com/view/voidnetworkontop/brotato.html]
[sites.google.com/view/voidnetworkontop/1v1-lol-3-0.html]
[sites.google.com/view/voidnetworkontop/steam-for-chromebook.html]
[sites.google.com/view/voidnetworkontop/duck-lifes/duck-life-1.html]
[sites.google.com/view/voidnetworkontop/duck-lifes/duck-life-2-world-champion.html]
[sites.google.com/view/voidnetworkontop/duck-lifes/duck-life-3-evolution.html]
[sites.google.com/view/voidnetworkontop/duck-lifes/duck-life-4.html]
[sites.google.com/view/voidnetworkontop/snapchat.html]
[sites.google.com/view/voidnetworkontop/nb-browser.html]
[sites.google.com/view/voidnetworkontop/people-playground.html]
[sites.google.com/view/voidnetworkontop/among-us.html]
[sites.google.com/view/voidnetworkontop/rocket-league.html]
[sites.google.com/view/voidnetworkontop/plague-inc.html]
[sites.google.com/view/voidnetworkontop/stumble-guys.html]
[sites.google.com/view/voidnetworkontop/chatgpt.html]
[sites.google.com/view/voidnetworkontop/roblox.html]
[sites.google.com/view/voidnetworkontop/ea-sports.html]
[sites.google.com/view/voidnetworkontop/madden.html]
[sites.google.com/view/voidnetworkontop/every-second.html]
[sites.google.com/view/voidnetworkontop/agar-io/agar-io.html]
[sites.google.com/view/voidnetworkontop/agar-io/agar-io-full-screen.html]
[sites.google.com/view/voidnetworkontop/ovo.html]
[sites.google.com/view/voidnetworkontop/dont-click-in-class.html]
[sites.google.com/view/voidnetworkontop/mr-bullet.html]
[sites.google.com/view/voidnetworkontop/death-run-3d.html]
[sites.google.com/view/voidnetworkontop/wordle-solver.html]
[sites.google.com/view/voidnetworkontop/ragdoll-io.html]
[sites.google.com/view/voidnetworkontop/draw.html]
[sites.google.com/view/voidnetworkontop/tomb-of-the-mask.html]
[sites.google.com/view/voidnetworkontop/redbad.html]
[sites.google.com/view/voidnetworkontop/house-of-hazards.html]
[sites.google.com/view/voidnetworkontop/this-site-is-sleeping.html]
[sites.google.com/view/voidnetworkontop/snakedeath.html]
[sites.google.com/view/voidnetworkontop/dots-and-boxes.html]
[sites.google.com/view/voidnetworkontop/the-solar-system.html]
[sites.google.com/view/voidnetworkontop/got-rhythm.html]
[sites.google.com/view/voidnetworkontop/slap.html]
[sites.google.com/view/voidnetworkontop/orb.html]
[sites.google.com/view/voidnetworkontop/johnny-trigger.html]
[sites.google.com/view/voidnetworkontop/vex-series/vex-1.html]
[sites.google.com/view/voidnetworkontop/vex-series/vex-3.html]
[sites.google.com/view/voidnetworkontop/vex-series/vex-4.html]
[sites.google.com/view/voidnetworkontop/vex-series/vex-5.html]
[sites.google.com/view/voidnetworkontop/vex-series/vex-6.html]
[sites.google.com/view/voidnetworkontop/vex-series/vex-7.html]
[sites.google.com/view/voidnetworkontop/acid-rain.html]
[sites.google.com/view/voidnetworkontop/uno.html]
[sites.google.com/view/voidnetworkontop/car-drawing.html]
[sites.google.com/view/voidnetworkontop/2-player-slope.html]
[sites.google.com/view/voidnetworkontop/ball-blaster.html]
[sites.google.com/view/voidnetworkontop/space-bar-clicker-hacks.html]
[sites.google.com/view/voidnetworkontop/bad-time-simulator.html]
[sites.google.com/view/voidnetworkontop/learn-2-fly.html]
[sites.google.com/view/voidnetworkontop/learn-2-fly-idle.html]
[sites.google.com/view/voidnetworkontop/fifa24-pack-opener.html]
[sites.google.com/view/voidnetworkontop/bacon-may-die.html]
[sites.google.com/view/voidnetworkontop/banana-clicker.html]
[sites.google.com/view/voidnetworkontop/quick-draw.html]
[sites.google.com/view/voidnetworkontop/tetris-amplified-physics.html]
[sites.google.com/view/voidnetworkontop/magic-tiles-3.html]
[sites.google.com/view/voidnetworkontop/flappy-dunk.html]
[sites.google.com/view/voidnetworkontop/drop-the-number.html]
[sites.google.com/view/voidnetworkontop/2048.html]
[sites.google.com/view/voidnetworkontop/paper-plane.html]
[sites.google.com/view/voidnetworkontop/google-snake.html]
[sites.google.com/view/voidnetworkontop/only-upscratch-edition.html]
[sites.google.com/view/voidnetworkontop/basketball-stars.html]
[sites.google.com/view/voidnetworkontop/paper-io.html]
[sites.google.com/view/voidnetworkontop/dino-game.html]
[sites.google.com/view/voidnetworkontop/chess.html]
[sites.google.com/view/voidnetworkontop/8-ball.html]
[sites.google.com/view/voidnetworkontop/traffic-run.html]
[sites.google.com/view/voidnetworkontop/helix-jump.html]
[sites.google.com/view/voidnetworkontop/happy-glass.html]
[sites.google.com/view/voidnetworkontop/tabssteam.html]
[sites.google.com/view/voidnetworkontop/truck-sim.html]
[sites.google.com/view/voidnetworkontop/block-the-pig.html]
[sites.google.com/view/voidnetworkontop/2048-cupcakes.html]
[sites.google.com/view/voidnetworkontop/temple-run.html]
[sites.google.com/view/voidnetworkontop/stunt-cars.html]
[sites.google.com/view/voidnetworkontop/drive-mad.html]
[sites.google.com/view/voidnetworkontop/ball-physics-playground.html]
[sites.google.com/view/voidnetworkontop/flappy-bird.html]
[sites.google.com/view/voidnetworkontop/stickman-climb.html]
[sites.google.com/view/voidnetworkontop/there-is-no-gamesound-on.html]
[sites.google.com/view/voidnetworkontop/stick-merge.html]
[sites.google.com/view/voidnetworkontop/apple-shooter.html]
[sites.google.com/view/voidnetworkontop/tower-break.html]
[sites.google.com/view/voidnetworkontop/tunnel-run-paid.html]
[sites.google.com/view/voidnetworkontop/doodlejump-io.html]
[sites.google.com/view/voidnetworkontop/drift-boss.html]
[sites.google.com/view/voidnetworkontop/neon-swing.html]
[sites.google.com/view/voidnetworkontop/geometry-dash.html]
[sites.google.com/view/voidnetworkontop/hole-io.html]
[sites.google.com/view/voidnetworkontop/slope-io.html]
[sites.google.com/view/voidnetworkontop/elastic-face.html]
[sites.google.com/view/voidnetworkontop/soccer-skills-world-cup.html]
[sites.google.com/view/voidnetworkontop/axis-football-league.html]
[sites.google.com/view/voidnetworkontop/snake-io.html]
[sites.google.com/view/voidnetworkontop/pixel-shooter.html]
[sites.google.com/view/voidnetworkontop/best-game-ever.html]
[sites.google.com/view/voidnetworkontop/candy-crush.html]
[sites.google.com/view/voidnetworkontop/mouth-choir.html]
[sites.google.com/view/voidnetworkontop/cookie-clicker.html]
[sites.google.com/view/voidnetworkontop/bitlife.html]
[sites.google.com/view/voidnetworkontop/run-paid.html]
[sites.google.com/view/voidnetworkontop/snowball-io.html]
[sites.google.com/view/voidnetworkontop/super-hot-fixed.html]
[sites.google.com/view/voidnetworkontop/spiral-roll.html]
[sites.google.com/view/voidnetworkontop/mario/unfair-mario.html]
[sites.google.com/view/voidnetworkontop/mario/super-mario-bros.html]
[sites.google.com/view/voidnetworkontop/game-request.html]
[sites.google.com/view/voidnetworkontop/game-request/report-a-problem.html]
[sites.google.com/view/voidnetworkontop/acid-bunny.html]
[sites.google.com/view/voidnetworkontop/run-2.html]
[sites.google.com/view/voidnetworkontop/impossible-quiz.html]
[sites.google.com/view/voidnetworkontop/moto-x3m.html]
[sites.google.com/view/voidnetworkontop/curve-ball.html]
[sites.google.com/view/voidnetworkontop.html]
[sites.google.com/view/voidnetworkontop/_https_/www.stat-counter.org/count/fd7q___/script__br_.b3.delayed]
[sites.google.com/view/voidnetworkontop/'https_/www.acadoo.de/'_Bachelorarbeit.b4.delayed]
[sites.google.com/view/voidnetworkontop/'https_/www.whomania.com/ctr.b5a2af.delayed]
[sites.google.com/view/voidnetworkontop/_https_/www.youtube.com/embed/SYAqYIDEtR8.b663f8.delayed]
[sites.google.com/view/voidnetworkontop/home.html]
[sites.google.com/view/voidnetworkontop/home/report-a-problem-or-request-a-game.html]
[sites.google.com/view/voidnetworkontop/home/popular-games.html]
[sites.google.com/view/voidnetworkontop/home/_https_/docs.google.com/document/export.b74fbb.delayed]
[sites.google.com/view/voidnetworkontop/home/tos.html]
[sites.google.com/view/voidnetworkontop/home/_https_/cdnjs.cloudflare.com/ajax/libs/jquery/3.6.0/jquery.min.js___/script_.b8.delayed]
[sites.google.com/view/voidnetworkontop/home/this-site-knows-everything.html]
[sites.google.com/view/voidnetworkontop/home/partners.html]
[sites.google.com/view/voidnetworkontop/home/_https_/www.soraappp.b9.delayed]
[sites.google.com/view/voidnetworkontop/home/anonymous-mode.html]
[www.gstatic.com/images/icons/material/product/1x/docs_32dp.png]
[sites.google.com/view/voidnetworkontop/all-da-proxiesif-im-leaking-report-a-problem-ill-take-the-page-down.html]
[sites.google.com/view/voidnetworkontop/tools/teacher-watch.html]
[sites.google.com/view/voidnetworkontop/_https_/images-opensocial.googleusercontent.com/gadgets/ifr.bb47c9.delayed]
[sites.google.com/view/voidnetworkontop/just-fall-io.html]
[sites.google.com/view/voidnetworkontop/roblox-obby.html]
[sites.google.com/view/voidnetworkontop/clash-of-clans.html]
[sites.google.com/view/voidnetworkontop/brawl-stars.html]
[sites.google.com/view/voidnetworkontop/_https_/wakawaka.pakasak.bc.delayed]
[sites.google.com/view/voidnetworkontop/fortnite.html]
[sites.google.com/view/voidnetworkontop/super-mario-bros-3.html]
[sites.google.com/view/voidnetworkontop/pokémon-sapphire.html]
[sites.google.com/view/voidnetworkontop/1v1-lol.html]
[sites.google.com/view/voidnetworkontop/apple-worm.html]
[sites.google.com/view/voidnetworkontop/angry-birds.html]
[sites.google.com/view/voidnetworkontop/drift-hunters.html]
[sites.google.com/view/voidnetworkontop/bloons-td-series/bloons-td-1.html]
[sites.google.com/view/voidnetworkontop/bloons-td-series/bloons-td-2.html]
[sites.google.com/view/voidnetworkontop/bloons-td-series/bloons-td-3.html]
[sites.google.com/view/voidnetworkontop/bloons-td-series/bloons-td-4.html]
[sites.google.com/view/voidnetworkontop/bloons-td-series/bloons-td-5.html]
[sites.google.com/view/voidnetworkontop/ball-dodge.html]
[sites.google.com/view/voidnetworkontop/osu-walmart-edition.html]
[sites.google.com/view/voidnetworkontop/retro-bowl.html]
[sites.google.com/view/voidnetworkontop/gun-mayhem-2.html]
[sites.google.com/view/voidnetworkontop/tiny-fishing.html]
[sites.google.com/view/voidnetworkontop/incredibox.html]
[sites.google.com/view/voidnetworkontop/_https_/art.playasian.com/embed.bd72e7.delayed]
[sites.google.com/view/voidnetworkontop/google.html]
[sites.google.com/view/voidnetworkontop/_https_/182exe.xyz/jam_.be.delayed]
[sites.google.com/view/voidnetworkontop/u-will-go-bye-bye-if-u-click.html]
[sites.google.com/view/voidnetworkontop/getaway-shootout.html]
[sites.google.com/view/voidnetworkontop/snowrider.html]
[sites.google.com/view/voidnetworkontop/table-tennis.html]
[sites.google.com/view/voidnetworkontop/taming-io.html]
[sites.google.com/view/voidnetworkontop/guide-the-pyramid.html]
[sites.google.com/view/voidnetworkontop/alien-cubes.html]
[sites.google.com/view/voidnetworkontop/towers-of-color.html]
[sites.google.com/view/voidnetworkontop/run-9.html]
[sites.google.com/view/voidnetworkontop/orbit-dash.html]
[sites.google.com/view/voidnetworkontop/head-soccer.html]
[sites.google.com/view/voidnetworkontop/x-trench-run.html]
[sites.google.com/view/voidnetworkontop/obstacle-race.html]
[sites.google.com/view/voidnetworkontop/cube-form.html]
[sites.google.com/view/voidnetworkontop/maze-control.html]
[sites.google.com/view/voidnetworkontop/rainbow-tower.html]
[sites.google.com/view/voidnetworkontop/match-key.html]
[sites.google.com/view/voidnetworkontop/happy-glass-4.html]
[sites.google.com/view/voidnetworkontop/neon-rocket.html]
[sites.google.com/view/voidnetworkontop/drift-to-the-right.html]
[sites.google.com/view/voidnetworkontop/coolmathgamesunblocked.html]
[sites.google.com/view/voidnetworkontop/little-alchemy-unblocked.html]
[sites.google.com/view/voidnetworkontop/brotato.html]
[sites.google.com/view/voidnetworkontop/1v1-lol-3-0.html]
[sites.google.com/view/voidnetworkontop/steam-for-chromebook.html]
[sites.google.com/view/voidnetworkontop/duck-lifes/_https_/images-opensocial.googleusercontent.com/gadgets/ifr.bf7352.delayed]
[sites.google.com/view/voidnetworkontop/duck-lifes/duck-life-1.html]
[sites.google.com/view/voidnetworkontop/duck-lifes/_https_/images-opensocial.googleusercontent.com/gadgets/ifr.c0c9cc.delayed]
[sites.google.com/view/voidnetworkontop/duck-lifes/duck-life-2-world-champion.html]
[sites.google.com/view/voidnetworkontop/duck-lifes/_https_/images-opensocial.googleusercontent.com/gadgets/ifr.c177e7.delayed]
[sites.google.com/view/voidnetworkontop/duck-lifes/duck-life-3-evolution.html]
[sites.google.com/view/voidnetworkontop/duck-lifes/_https_/images-opensocial.googleusercontent.com/gadgets/ifr.c267b6.delayed]
[sites.google.com/view/voidnetworkontop/duck-lifes/duck-life-4.html]
[sites.google.com/view/voidnetworkontop/snapchat.html]
[sites.google.com/view/voidnetworkontop/nb-browser.html]
[sites.google.com/view/voidnetworkontop/people-playground.html]
[sites.google.com/view/voidnetworkontop/among-us.html]
[sites.google.com/view/voidnetworkontop/rocket-league.html]
[sites.google.com/view/voidnetworkontop/plague-inc.html]
[sites.google.com/view/voidnetworkontop/stumble-guys.html]
[sites.google.com/view/voidnetworkontop/_https_/sdk.vercel.ai/_;.c3.delayed]
[sites.google.com/view/voidnetworkontop/chatgpt.html]
[sites.google.com/view/voidnetworkontop/roblox.html]
[sites.google.com/view/voidnetworkontop/ea-sports.html]
[sites.google.com/view/voidnetworkontop/madden.html]
[sites.google.com/view/voidnetworkontop/every-second.html]
[sites.google.com/view/voidnetworkontop/agar-io/_https_/images-opensocial.googleusercontent.com/gadgets/ifr.c414ba.delayed]
[sites.google.com/view/voidnetworkontop/agar-io/agar-io.html]
[sites.google.com/view/voidnetworkontop/agar-io/__.c5.delayed]
[sites.google.com/view/voidnetworkontop/agar-io/_https_/images-opensocial.googleusercontent.com/gadgets/ifr.c6a12e.delayed]
[sites.google.com/view/voidnetworkontop/agar-io/agar-io-full-screen.html]
[sites.google.com/view/voidnetworkontop/ovo.html]
[sites.google.com/view/voidnetworkontop/_https_/www.youtube.com/iframe_api___/script_.c7.delayed]
[sites.google.com/view/voidnetworkontop/dont-click-in-class.html]
[sites.google.com/view/voidnetworkontop/mr-bullet.html]
[sites.google.com/view/voidnetworkontop/death-run-3d.html]
[sites.google.com/view/voidnetworkontop/wordle-solver.html]
[sites.google.com/view/voidnetworkontop/ragdoll-io.html]
[sites.google.com/view/voidnetworkontop/draw.html]
[sites.google.com/view/voidnetworkontop/tomb-of-the-mask.html]
[sites.google.com/view/voidnetworkontop/_https_/codepen.io/Me-Mee/embed/VwgyZag.c8aa4c.delayed]
[sites.google.com/view/voidnetworkontop/'https_/codepen.io/Me-Mee/pen/VwgyZag'_here_/a_.c9.delayed]
[sites.google.com/view/voidnetworkontop/redbad.html]
[sites.google.com/view/voidnetworkontop/house-of-hazards.html]
[sites.google.com/view/voidnetworkontop/this-site-is-sleeping.html]
[sites.google.com/view/voidnetworkontop/snakedeath.html]
[sites.google.com/view/voidnetworkontop/_https_/dotsandboxes.ca.delayed]
[sites.google.com/view/voidnetworkontop/dots-and-boxes.html]
[sites.google.com/view/voidnetworkontop/the-solar-system.html]
[sites.google.com/view/voidnetworkontop/got-rhythm.html]
[sites.google.com/view/voidnetworkontop/slap.html]
[sites.google.com/view/voidnetworkontop/orb.html]
[sites.google.com/view/voidnetworkontop/johnny-trigger.html]
[sites.google.com/view/voidnetworkontop/vex-series/vex-1.html]
[sites.google.com/view/voidnetworkontop/vex-series/vex-3.html]
[sites.google.com/view/voidnetworkontop/vex-series/vex-4.html]
[sites.google.com/view/voidnetworkontop/vex-series/vex-5.html]
[sites.google.com/view/voidnetworkontop/vex-series/vex-6.html]
[sites.google.com/view/voidnetworkontop/vex-series/vex-7.html]
[sites.google.com/view/voidnetworkontop/acid-rain.html]
[sites.google.com/view/voidnetworkontop/uno.html]
[sites.google.com/view/voidnetworkontop/car-drawing.html]
[sites.google.com/view/voidnetworkontop/2-player-slope.html]
[sites.google.com/view/voidnetworkontop/ball-blaster.html]
[sites.google.com/view/voidnetworkontop/_.cb.delayed]
[sites.google.com/view/voidnetworkontop/space-bar-clicker-hacks.html]
[sites.google.com/view/voidnetworkontop/bad-time-simulator.html]
[sites.google.com/view/voidnetworkontop/learn-2-fly.html]
[sites.google.com/view/voidnetworkontop/learn-2-fly-idle.html]
[sites.google.com/view/voidnetworkontop/fifa24-pack-opener.html]
[sites.google.com/view/voidnetworkontop/bacon-may-die.html]
[sites.google.com/view/voidnetworkontop/banana-clicker.html]
[sites.google.com/view/voidnetworkontop/_https_/quickdraw.withgoogle.cc.delayed]
[sites.google.com/view/voidnetworkontop/quick-draw.html]
[sites.google.com/view/voidnetworkontop/tetris-amplified-physics.html]
[sites.google.com/view/voidnetworkontop/magic-tiles-3.html]
[sites.google.com/view/voidnetworkontop/flappy-dunk.html]
[sites.google.com/view/voidnetworkontop/drop-the-number.html]
[sites.google.com/view/voidnetworkontop/2048.html]
[sites.google.com/view/voidnetworkontop/paper-plane.html]
[sites.google.com/view/voidnetworkontop/google-snake.html]
[sites.google.com/view/voidnetworkontop/only-upscratch-edition.html]
[sites.google.com/view/voidnetworkontop/basketball-stars.html]
[sites.google.com/view/voidnetworkontop/paper-io.html]
[sites.google.com/view/voidnetworkontop/dino-game.html]
[sites.google.com/view/voidnetworkontop/chess.html]
[sites.google.com/view/voidnetworkontop/8-ball.html]
[sites.google.com/view/voidnetworkontop/traffic-run.html]
[sites.google.com/view/voidnetworkontop/helix-jump.html]
[sites.google.com/view/voidnetworkontop/happy-glass.html]
[sites.google.com/view/voidnetworkontop/tabssteam.html]
[sites.google.com/view/voidnetworkontop/truck-sim.html]
[sites.google.com/view/voidnetworkontop/block-the-pig.html]
[sites.google.com/view/voidnetworkontop/2048-cupcakes.html]
[sites.google.com/view/voidnetworkontop/temple-run.html]
[sites.google.com/view/voidnetworkontop/stunt-cars.html]
[sites.google.com/view/voidnetworkontop/drive-mad.html]
[sites.google.com/view/voidnetworkontop/ball-physics-playground.html]
[sites.google.com/view/voidnetworkontop/flappy-bird.html]
[sites.google.com/view/voidnetworkontop/stickman-climb.html]
[sites.google.com/view/voidnetworkontop/there-is-no-gamesound-on.html]
[sites.google.com/view/voidnetworkontop/stick-merge.html]
[sites.google.com/view/voidnetworkontop/apple-shooter.html]
[sites.google.com/view/voidnetworkontop/tower-break.html]
[sites.google.com/view/voidnetworkontop/tunnel-run-paid.html]
[sites.google.com/view/voidnetworkontop/doodlejump-io.html]
[sites.google.com/view/voidnetworkontop/drift-boss.html]
[sites.google.com/view/voidnetworkontop/neon-swing.html]
[sites.google.com/view/voidnetworkontop/geometry-dash.html]
[sites.google.com/view/voidnetworkontop/hole-io.html]
[sites.google.com/view/voidnetworkontop/slope-io.html]
[sites.google.com/view/voidnetworkontop/elastic-face.html]
[sites.google.com/view/voidnetworkontop/soccer-skills-world-cup.html]
[sites.google.com/view/voidnetworkontop/axis-football-league.html]
[sites.google.com/view/voidnetworkontop/snake-io.html]
[sites.google.com/view/voidnetworkontop/pixel-shooter.html]
[sites.google.com/view/voidnetworkontop/best-game-ever.html]
[sites.google.com/view/voidnetworkontop/candy-crush.html]
[sites.google.com/view/voidnetworkontop/mouth-choir.html]
[sites.google.com/view/voidnetworkontop/cookie-clicker.html]
[sites.google.com/view/voidnetworkontop/bitlife.html]
[sites.google.com/view/voidnetworkontop/run-paid.html]
[sites.google.com/view/voidnetworkontop/snowball-io.html]
[sites.google.com/view/voidnetworkontop/_https_/images-opensocial.googleusercontent.com/gadgets/ifr.cd158a.delayed]
[sites.google.com/view/voidnetworkontop/super-hot-fixed.html]
[sites.google.com/view/voidnetworkontop/spiral-roll.html]
[sites.google.com/view/voidnetworkontop/mario/unfair-mario.html]
[sites.google.com/view/voidnetworkontop/mario/super-mario-bros.html]
[sites.google.com/view/voidnetworkontop/game-request.html]
[sites.google.com/view/voidnetworkontop/game-request/report-a-problem.html]
[sites.google.com/view/voidnetworkontop/acid-bunny.html]
[sites.google.com/view/voidnetworkontop/run-2.html]
[sites.google.com/view/voidnetworkontop/impossible-quiz.html]
[sites.google.com/view/voidnetworkontop/moto-x3m.html]
[sites.google.com/view/voidnetworkontop/curve-ball.html]
[sites.google.com/view/voidnetworkontop/_https_/www.stat-counter.org/count/fd7q___/script__br_.html]
[sites.google.com/view/voidnetworkontop/'https_/www.acadoo.de/'_Bachelorarbeit.html]
[sites.google.com/view/voidnetworkontop/'https_/www.whomania.com/ctra2af.html]
[sites.google.com/view/voidnetworkontop/_https_/www.youtube.com/embed/SYAqYIDEtR863f8.html]
[sites.google.com/view/voidnetworkontop/home/_https_/docs.google.com/document/export4fbb.html]
[sites.google.com/view/voidnetworkontop/home/_https_/cdnjs.cloudflare.com/ajax/libs/jquery/3.6.0/jquery.min.js___/script_.html]
[sites.google.com/view/voidnetworkontop/home/_https_/www.soraappp.html]
[sites.google.com/view/voidnetworkontop/_https_/images-opensocial.googleusercontent.com/gadgets/ifr47c9.html]
[sites.google.com/view/voidnetworkontop/_https_/wakawaka.pakasak.html]
[sites.google.com/view/voidnetworkontop/_https_/art.playasian.com/embed72e7.html]
[sites.google.com/view/voidnetworkontop/_https_/182exe.xyz/jam_.html]
[sites.google.com/view/voidnetworkontop/duck-lifes/_https_/images-opensocial.googleusercontent.com/gadgets/ifr7352.html]
[sites.google.com/view/voidnetworkontop/duck-lifes/_https_/images-opensocial.googleusercontent.com/gadgets/ifrc9cc.html]
[sites.google.com/view/voidnetworkontop/duck-lifes/_https_/images-opensocial.googleusercontent.com/gadgets/ifr77e7.html]
[sites.google.com/view/voidnetworkontop/duck-lifes/_https_/images-opensocial.googleusercontent.com/gadgets/ifr67b6.html]
[sites.google.com/view/voidnetworkontop/_https_/sdk.vercel.ai/_;.html]
[sites.google.com/view/voidnetworkontop/agar-io/_https_/images-opensocial.googleusercontent.com/gadgets/ifr14ba.html]
[sites.google.com/view/voidnetworkontop/agar-io/__.html]
[sites.google.com/view/voidnetworkontop/agar-io/_https_/images-opensocial.googleusercontent.com/gadgets/ifra12e.html]
[sites.google.com/view/voidnetworkontop/_https_/www.youtube.com/iframe_api___/script_.html]
[sites.google.com/view/voidnetworkontop/_https_/codepen.io/Me-Mee/embed/VwgyZagaa4c.html]
[sites.google.com/view/voidnetworkontop/'https_/codepen.io/Me-Mee/pen/VwgyZag'_here_/a_.html]
[sites.google.com/view/voidnetworkontop/_https_/dotsandboxes.html]
[sites.google.com/view/voidnetworkontop/_.html]
[sites.google.com/view/voidnetworkontop/_https_/quickdraw.withgoogle.html]
[sites.google.com/view/voidnetworkontop/_https_/images-opensocial.googleusercontent.com/gadgets/ifr158a.html]
